warning: in the working copy of 'experiments/architecture-verification/candidate-1.7.7/README.md', LF will be replaced by CRLF the next time Git touches it
2026-10-07T11:33:38.344Z ERROR [Better Auth]: Database schema mismatch

  Missing tables
    user, session, account, verification, rateLimit

  help: Run `npx auth migrate` to add the missing tables and columns.
placeholder inline  4/s | crud p95     12ms | session p95   15.4ms | today p95   11.4ms (unfinished 0) | compute max      -ms | loop max  33.69ms | cpu 0.12 | errors 0
real        inline  1/s | crud p95  229.8ms | session p95  180.5ms | today p95  378.2ms (unfinished 0) | compute max 365.43ms | loop max 369.36ms | cpu 0.31 | errors 0
real        worker  1/s | crud p95   13.1ms | session p95     16ms | today p95  477.9ms (unfinished 0) | compute max 468.71ms | loop max  26.49ms | cpu 0.34 | errors 0
real        inline  4/s | crud p95  341.9ms | session p95  398.1ms | today p95    397ms (unfinished 1) | compute max 394.53ms | loop max  401.6ms | cpu 0.84 | errors 0
real        worker  4/s | crud p95    9.1ms | session p95   12.4ms | today p95  417.4ms (unfinished 1) | compute max 435.68ms | loop max  27.28ms | cpu 0.8 | errors 0
real        inline 10/s | crud p95 5424.5ms | session p95 8690.9ms | today p95 5684.2ms (unfinished 32) | compute max 486.28ms | loop max 554.17ms | cpu 1.06 | errors 0
real        worker 10/s | crud p95    8.2ms | session p95   10.9ms | today p95    417ms (unfinished 2) | compute max 385.35ms | loop max  27.49ms | cpu 1.64 | errors 0
PASS  E0  T-14 on this runtime: every required real predict call is under 500 ms (engine benchmark, unmodified)
PASS  E1  wiring: /today matches independent DB oracle, today unrecorded
PASS  E2  no request failed in any scenario, including baseline
PASS  E3  every measured /today matches its independent oracle and entry point, covering all three sizes
PASS  E4  in-service compute: every real predict call measured inside the server is under 500 ms
INFO  E5  mixed-load runs (baseline without compute, then real engine inline vs worker pool)
PASS  E6  all cohorts settle: sent=success+failure per kind; server compute count equals measured today successes

verification-2 mixed load with the real prediction engine: 6 pass, 0 fail, 1 info -> results/post-fix/v8-predict-20261007T113320Z-run1.json
