{
  "environment": {
    "timestamp": "2026-10-03T11:55:22.897Z",
    "node": "v24.21.0",
    "cpu": "13th Gen Intel(R) Core(TM) i7-1360P",
    "logicalCPUs": 16,
    "memoryBytes": 16803815424,
    "platform": "win32",
    "release": "10.0.26200",
    "K": 200,
    "H": 1095,
    "seed": 20261012,
    "sourceRepoHead": "af001c6e797b9833a63234bd1646171ac8e8c542",
    "sources": {
      "bgq-boundary-check.mjs": {
        "bytes": 2797,
        "sha256": "5893f01634297259729f3bec2bc2e85f428e043afa638fd16b82aba8e37cdf91"
      },
      "completion-dp.mjs": {
        "bytes": 3935,
        "sha256": "3017f33948ea1527a589a913651c04009092f7c8c7ab4cbf876e78e189f28b20"
      },
      "dp-truncation-check.mjs": {
        "bytes": 4846,
        "sha256": "cdb9a087e501c18c7f8eae2a3c63d6450db1bce5b5063424780732f99c0522ab"
      },
      "engine2.mjs": {
        "bytes": 3934,
        "sha256": "60d2eda5c09cb57bb19cc53779e2c0e40c0da32c6d0dcab26d9a93a76f4a4bf4"
      },
      "README.md": {
        "bytes": 2475,
        "sha256": "2105b284f1e74ffa2f3dbca83e6831179e783b8e0fc8ae02f0d249d8ffce7d0e"
      }
    }
  },
  "assertions": 580,
  "initial": [
    {
      "id": "optimistic/optimistic/s4",
      "core": {
        "g50": 1,
        "g80": 2,
        "meanWait": 1.5
      },
      "completion": {
        "p50": 11,
        "p80": 15,
        "cdf7": 0,
        "cdf30": 0.9943420580947179,
        "cdfH": 1,
        "tail": 1.1268763699945345e-16
      },
      "dpMs": 22.563199999999995
    },
    {
      "id": "optimistic/neutral/s4",
      "core": {
        "g50": 1,
        "g80": 3,
        "meanWait": 3
      },
      "completion": {
        "p50": 12,
        "p80": 18,
        "cdf7": 0,
        "cdf30": 0.9540231808241452,
        "cdfH": 0.9999999999999997,
        "tail": 2.053912595556537e-16
      },
      "dpMs": 21.076899999999995
    },
    {
      "id": "optimistic/pessimistic/s4",
      "core": {
        "g50": 3,
        "g80": 12,
        "meanWait": "Infinity"
      },
      "completion": {
        "p50": 15,
        "p80": 35,
        "cdf7": 0,
        "cdf30": 0.761644286454735,
        "cdfH": 0.9960949325760398,
        "tail": 0.0039050674239618907
      },
      "dpMs": 17.231399999999994
    },
    {
      "id": "neutral/optimistic/s4",
      "core": {
        "g50": 1,
        "g80": 2,
        "meanWait": 1.5
      },
      "completion": {
        "p50": 15,
        "p80": 18,
        "cdf7": 0,
        "cdf30": 0.9894076383251486,
        "cdfH": 1,
        "tail": 1.4876988529977089e-16
      },
      "dpMs": 21.388000000000005
    },
    {
      "id": "neutral/neutral/s4",
      "core": {
        "g50": 1,
        "g80": 3,
        "meanWait": 3
      },
      "completion": {
        "p50": 17,
        "p80": 25,
        "cdf7": 0,
        "cdf30": 0.8832337967804593,
        "cdfH": 0.9999999999999983,
        "tail": 2.5146551507759767e-16
      },
      "dpMs": 19.93039999999999
    },
    {
      "id": "neutral/pessimistic/s4",
      "core": {
        "g50": 3,
        "g80": 12,
        "meanWait": "Infinity"
      },
      "completion": {
        "p50": 27,
        "p80": 62,
        "cdf7": 0,
        "cdf30": 0.560268810025038,
        "cdfH": 0.990304187431772,
        "tail": 0.009695812568227085
      },
      "dpMs": 19.004399999999976
    },
    {
      "id": "pessimistic/optimistic/s4",
      "core": {
        "g50": 1,
        "g80": 2,
        "meanWait": 1.5
      },
      "completion": {
        "p50": 18,
        "p80": 21,
        "cdf7": 0,
        "cdf30": 0.9660152366872292,
        "cdfH": 1,
        "tail": 2.070565940925916e-16
      },
      "dpMs": 24.466199999999986
    },
    {
      "id": "pessimistic/neutral/s4",
      "core": {
        "g50": 1,
        "g80": 3,
        "meanWait": 3
      },
      "completion": {
        "p50": 22,
        "p80": 31,
        "cdf7": 0,
        "cdf30": 0.7825375016267873,
        "cdfH": 0.9999999999999977,
        "tail": 3.2585045772748325e-16
      },
      "dpMs": 20.26169999999999
    },
    {
      "id": "pessimistic/pessimistic/s4",
      "core": {
        "g50": 3,
        "g80": 12,
        "meanWait": "Infinity"
      },
      "completion": {
        "p50": 39,
        "p80": 91,
        "cdf7": 0,
        "cdf30": 0.37963705225605426,
        "cdfH": 0.9851328079603553,
        "tail": 0.014867192039644173
      },
      "dpMs": 19.30250000000001
    },
    {
      "id": "optimistic/optimistic/s8",
      "core": {
        "g50": 1,
        "g80": 2,
        "meanWait": 1.4
      },
      "completion": {
        "p50": 11,
        "p80": 14,
        "cdf7": 0,
        "cdf30": 0.9992859077609865,
        "cdfH": 1,
        "tail": 1.226796442210798e-16
      },
      "dpMs": 26.407399999999996
    },
    {
      "id": "optimistic/neutral/s8",
      "core": {
        "g50": 1,
        "g80": 3,
        "meanWait": 2.3333333333333335
      },
      "completion": {
        "p50": 13,
        "p80": 17,
        "cdf7": 0,
        "cdf30": 0.9815393699548735,
        "cdfH": 0.9999999999999994,
        "tail": 1.632027846198979e-16
      },
      "dpMs": 21.23750000000001
    },
    {
      "id": "optimistic/pessimistic/s8",
      "core": {
        "g50": 3,
        "g80": 8,
        "meanWait": 7
      },
      "completion": {
        "p50": 16,
        "p80": 29,
        "cdf7": 0,
        "cdf30": 0.8228533827222718,
        "cdfH": 0.9999999952963077,
        "tail": 4.703693985974588e-9
      },
      "dpMs": 20.26550000000003
    },
    {
      "id": "neutral/optimistic/s8",
      "core": {
        "g50": 1,
        "g80": 2,
        "meanWait": 1.4
      },
      "completion": {
        "p50": 15,
        "p80": 18,
        "cdf7": 0,
        "cdf30": 0.9964585835542112,
        "cdfH": 0.9999999999999997,
        "tail": 1.521005543736464e-16
      },
      "dpMs": 27.946399999999983
    },
    {
      "id": "neutral/neutral/s8",
      "core": {
        "g50": 1,
        "g80": 3,
        "meanWait": 2.3333333333333335
      },
      "completion": {
        "p50": 17,
        "p80": 23,
        "cdf7": 0,
        "cdf30": 0.9340932130334425,
        "cdfH": 0.9999999999999996,
        "tail": 2.4424906541753426e-16
      },
      "dpMs": 20.47539999999998
    },
    {
      "id": "neutral/pessimistic/s8",
      "core": {
        "g50": 3,
        "g80": 8,
        "meanWait": 7
      },
      "completion": {
        "p50": 25,
        "p80": 44,
        "cdf7": 0,
        "cdf30": 0.614828004741228,
        "cdfH": 0.999999624384489,
        "tail": 3.756155101708458e-7
      },
      "dpMs": 21.183699999999988
    },
    {
      "id": "pessimistic/optimistic/s8",
      "core": {
        "g50": 1,
        "g80": 2,
        "meanWait": 1.4
      },
      "completion": {
        "p50": 18,
        "p80": 21,
        "cdf7": 0,
        "cdf30": 0.9897224396004357,
        "cdfH": 1,
        "tail": 1.926236947724645e-16
      },
      "dpMs": 23.690399999999954
    },
    {
      "id": "pessimistic/neutral/s8",
      "core": {
        "g50": 1,
        "g80": 3,
        "meanWait": 2.3333333333333335
      },
      "completion": {
        "p50": 22,
        "p80": 28,
        "cdf7": 0,
        "cdf30": 0.8470072295063367,
        "cdfH": 0.9999999999999993,
        "tail": 3.1863400806741974e-16
      },
      "dpMs": 20.49860000000001
    },
    {
      "id": "pessimistic/pessimistic/s8",
      "core": {
        "g50": 3,
        "g80": 8,
        "meanWait": 7
      },
      "completion": {
        "p50": 35,
        "p80": 60,
        "cdf7": 0,
        "cdf30": 0.40144155861421754,
        "cdfH": 0.9999941961846222,
        "tail": 0.000005803815380341914
      },
      "dpMs": 16.774299999999982
    }
  ],
  "oracleMaxPmfError": 2.7755575615628914e-16,
  "posteriorSamplingMaxCdfError": 0.03152237185204082,
  "timings": [
    {
      "prior": "neutral/neutral/s4",
      "need": 120,
      "K": 200,
      "H": 1095,
      "ms": [
        111.51619999999957,
        108.69980000000032,
        105.20539999999983
      ],
      "completion": {
        "p50": 235,
        "p80": 327,
        "cdf7": 0,
        "cdf30": 0,
        "cdfH": 0.996348057284726,
        "tail": 0.0036519427152758004
      }
    },
    {
      "prior": "neutral/neutral/s4",
      "need": 400,
      "K": 200,
      "H": 1095,
      "ms": [
        175.71639999999934,
        173.22659999999996,
        171.28999999999996
      ],
      "completion": {
        "p50": 783,
        "p80": 1085,
        "cdf7": 0,
        "cdf30": 0,
        "cdfH": 0.8049381596194275,
        "tail": 0.1950618403805735
      }
    },
    {
      "prior": "neutral/neutral/s4",
      "need": 1095,
      "K": 200,
      "H": 1095,
      "ms": [
        11.80619999999999,
        12.78610000000026,
        11.681099999999788
      ],
      "completion": {
        "p50": null,
        "p80": null,
        "cdf7": 0,
        "cdf30": 0,
        "cdfH": 2.3853665328273187e-10,
        "tail": 0.9999999997614641
      }
    },
    {
      "prior": "optimistic/optimistic/s4",
      "need": 120,
      "K": 200,
      "H": 1095,
      "ms": [
        122.86609999999928,
        126.75340000000051,
        123.59159999999974
      ],
      "completion": {
        "p50": 154,
        "p80": 189,
        "cdf7": 0,
        "cdf30": 0,
        "cdfH": 1,
        "tail": 5.007105841059451e-16
      }
    },
    {
      "prior": "optimistic/optimistic/s4",
      "need": 400,
      "K": 200,
      "H": 1095,
      "ms": [
        237.29770000000008,
        243.97469999999976,
        249.5571
      ],
      "completion": {
        "p50": 516,
        "p80": 630,
        "cdf7": 0,
        "cdf30": 0,
        "cdfH": 0.9900030329771323,
        "tail": 0.009996967022869294
      }
    },
    {
      "prior": "optimistic/optimistic/s4",
      "need": 1095,
      "K": 200,
      "H": 1095,
      "ms": [
        12.999800000000505,
        13.036599999999453,
        10.554200000000492
      ],
      "completion": {
        "p50": null,
        "p80": null,
        "cdf7": 0,
        "cdf30": 0,
        "cdfH": 0.004242460047165642,
        "tail": 0.995757539952835
      }
    },
    {
      "prior": "pessimistic/pessimistic/s4",
      "need": 120,
      "K": 200,
      "H": 1095,
      "ms": [
        81.16370000000006,
        79.19589999999971,
        75.13140000000021
      ],
      "completion": {
        "p50": 551,
        "p80": null,
        "cdf7": 0,
        "cdf30": 0,
        "cdfH": 0.7677059787010669,
        "tail": 0.23229402129893637
      }
    },
    {
      "prior": "pessimistic/pessimistic/s4",
      "need": 400,
      "K": 200,
      "H": 1095,
      "ms": [
        169.91880000000037,
        163.33460000000014,
        165.8809999999994
      ],
      "completion": {
        "p50": null,
        "p80": null,
        "cdf7": 0,
        "cdf30": 0,
        "cdfH": 0.22153102736561547,
        "tail": 0.7784689726343855
      }
    },
    {
      "prior": "pessimistic/pessimistic/s4",
      "need": 1095,
      "K": 200,
      "H": 1095,
      "ms": [
        13.100199999999859,
        10.774099999999635,
        10.537099999999555
      ],
      "completion": {
        "p50": null,
        "p80": null,
        "cdf7": 0,
        "cdf30": 0,
        "cdfH": 2.0833632365269865e-87,
        "tail": 1.0000000000000007
      }
    },
    {
      "prior": "pessimistic/pessimistic/s8",
      "need": 120,
      "K": 200,
      "H": 1095,
      "ms": [
        71.81999999999971,
        70.29669999999987,
        72.2509
      ],
      "completion": {
        "p50": 485,
        "p80": 765,
        "cdf7": 0,
        "cdf30": 0,
        "cdfH": 0.9075622213918486,
        "tail": 0.09243777860815355
      }
    },
    {
      "prior": "pessimistic/pessimistic/s8",
      "need": 400,
      "K": 200,
      "H": 1095,
      "ms": [
        155.64269999999942,
        155.32760000000053,
        161.79889999999978
      ],
      "completion": {
        "p50": null,
        "p80": null,
        "cdf7": 0,
        "cdf30": 0,
        "cdfH": 0.17580285891229092,
        "tail": 0.8241971410877096
      }
    },
    {
      "prior": "pessimistic/pessimistic/s8",
      "need": 1095,
      "K": 200,
      "H": 1095,
      "ms": [
        12.500599999999395,
        11.869699999999284,
        11.959600000000137
      ],
      "completion": {
        "p50": null,
        "p80": null,
        "cdf7": 0,
        "cdf30": 0,
        "cdfH": 1.291430768854463e-118,
        "tail": 1.0000000000000007
      }
    }
  ]
}
